[dcmedya.com/index.html]
[backblue.gif]
[fade.gif]
[index.html]
[dcmedya.com/assets/uploads/sites/1705569738_24291f48b912ae608ebb.png]
[dcmedya.com/assets/css/panel/osweld/bootstrap.min.css]
[dcmedya.com/assets/css/panel/osweld/style.css]
[dcmedya.com/assets/js/datepicker/css/bootstrap-datepicker3.min.css]
[cdn.mypanel.link/css/font-awesome/css/all.min.css]
[cdn.jsdelivr.net/npm/remixicon@2.5.0/fonts/remixicon.css]
[unpkg.com/swiper@8/swiper-bundle.min.6.delayed]
[unpkg.com/swiper@8.4.7/swiper-bundle.min.css]
[code.jquery.com/jquery-3.6.0.min.js]
[dcmedya.com/assets/uploads/sites/1705569738_b4a6acb840c7e88ac2a8.png]
[dcmedya.com/services.html]
[dcmedya.com/api.html]
[dcmedya.com/signup.html]
[dcmedya.com/assets/osweld/img/topBg.png]
[dcmedya.com/assets/osweld/img/main-img.png]
[dcmedya.com/assets/osweld/img/notebook.png]
[dcmedya.com/assets/osweld/img/phone.png]
[dcmedya.com/assets/osweld/img/tablet.png]
[dcmedya.com/assets/osweld/img/desktop.png]
[dcmedya.com/resetpassword.html]
[dcmedya.com/assets/img/modal-icon.png]
[unpkg.com/swiper@8/swiper-bundle.min.15.delayed]
[unpkg.com/swiper@8.4.7/swiper-bundle.min.js]
[unpkg.com/@lottiefiles/lottie-player@latest/dist/lottie-player.17.delayed]
[unpkg.com/@lottiefiles/lottie-player@2.0.2/dist/lottie-player.js]
[cdnjs.cloudflare.com/ajax/libs/jquery/1.12.4/jquery.min.js]
[dcmedya.com/assets/js/panel/osweld/script.js]
[dcmedya.com/assets/js/lmain842a.js]
[dcmedya.com/assets/js/panel/osweld/bootstrap.min.js]
[dcmedya.com/assets/js/datepicker/js/bootstrap-datepicker.min.js]
[dcmedya.com/assets/js/datepicker/locales/bootstrap-datepicker.tr.min.js]
[www.google.com/recaptcha/api.js]
[dcmedya.com/index.html]
[dcmedya.com/assets/css/panel/osweld/bootstrap.min.css]
[dcmedya.com/assets/css/panel/osweld/style.css]
[dcmedya.com/assets/js/datepicker/css/bootstrap-datepicker3.min.css]
[cdn.mypanel.link/css/font-awesome/css/all.min.css]
[cdn.jsdelivr.net/npm/remixicon@2.5.0/fonts/remixicondf6d.eot]
[cdn.jsdelivr.net/npm/remixicon@2.5.0/fonts/remixicondf6d.woff2]
[cdn.jsdelivr.net/npm/remixicon@2.5.0/fonts/remixicondf6d.woff]
[cdn.jsdelivr.net/npm/remixicon@2.5.0/fonts/remixicondf6d.ttf]
[cdn.jsdelivr.net/npm/remixicon@2.5.0/fonts/remixicon.css]
[unpkg.com/swiper@8.4.7/swiper-bundle.min.css]
[cdn.jsdelivr.net/npm/remixicon@2.5.0/fonts/remixicondf6d.svg]
[dcmedya.com/services.html]
[dcmedya.com/assets/js/lmain6c9d.js]
[dcmedya.com/example.txt]
[dcmedya.com/api.html]
[dcmedya.com/assets/js/lmainde06.js]
[dcmedya.com/terms.html]
[dcmedya.com/signup.html]
[dcmedya.com/assets/js/lmain770c.js]
[dcmedya.com/resetpassword.html]
[cdn.mypanel.link/8ukb9o/y7qbhd849e6x0fb5.html]
[cdn.mypanel.link/8ukb9o/o49d2eru0jsm1wah.html]
[dcmedya.com/assets/js/lmainc5c2.js]
[cdn.jsdelivr.net/npm/remixicon@2.5.0/fonts/remixicondf6d.svg]
[dcmedya.com/example.html]
[dcmedya.com/terms.html]
[dcmedya.com/assets/js/lmainc487.js]
